[21:50:59] [ServerMain/INFO]: [bootstrap] Running Java 25 (OpenJDK 64-Bit Server VM 25.0.3+9-2-24.04.2-Ubuntu; Ubuntu null) on Linux 6.8.0-1052-azure (amd64)
[21:50:59] [ServerMain/INFO]: [bootstrap] Loading Paper 26.1.2-60-main@b4682bf (2026-05-04T06:25:04Z) for Minecraft 26.1.2
[21:50:59] [ServerMain/INFO]: [PluginInitializerManager] Initializing plugins...
[21:51:00] [ServerMain/INFO]: [PluginInitializerManager] Initialized 11 plugins
[21:51:00] [ServerMain/INFO]: [PluginInitializerManager] Bukkit plugins (11):
 - Chunky (1.5.3), Essentials (2.22.0), EssentialsChat (2.22.0), FastAsyncWorldEdit (2.15.3-SNAPSHOT-1344+d384a21), Geyser-Spigot (2.10.1-SNAPSHOT), LuckPerms (5.5.57), PlaceholderAPI (2.12.2), SkinsRestorer (15.12.3), Vault (1.7.3-b131), ViaBackwards (5.10.1-SNAPSHOT), ViaVersion (5.10.1-SNAPSHOT)
[21:51:05] [ServerMain/INFO]: Environment: Environment[sessionHost=https://sessionserver.mojang.com, servicesHost=https://api.minecraftservices.com, profilesHost=https://api.mojang.com, name=PROD]
[21:51:07] [ServerMain/INFO]: Loaded 1515 recipes
[21:51:07] [ServerMain/INFO]: Loaded 1617 advancements
[21:51:07] [ServerMain/INFO]: [ca.spottedleaf.dataconverter.minecraft.datatypes.MCTypeRegistry] Initialising converters for DataConverter...
[21:51:07] [ServerMain/INFO]: [ca.spottedleaf.dataconverter.minecraft.datatypes.MCTypeRegistry] Finished initialising converters for DataConverter in 433.6ms
[21:51:08] [Server thread/INFO]: Starting minecraft server version 26.1.2
[21:51:08] [Server thread/INFO]: Loading properties
[21:51:09] [Server thread/INFO]: This server is running Paper version 26.1.2-60-main@b4682bf (2026-05-04T06:25:04Z) (Implementing API version 26.1.2.build.60-stable)
[21:51:09] [Server thread/INFO]: [spark] This server bundles the spark profiler. For more information please visit https://docs.papermc.io/paper/profiling
[21:51:09] [Server thread/INFO]: Server Ping Player Sample Count: 12
[21:51:09] [Server thread/INFO]: Using 4 threads for Netty based IO
[21:51:10] [Server thread/INFO]: [MoonriseCommon] Paper is using 1 worker threads, 1 I/O threads
[21:51:10] [Server thread/INFO]: Default game type: SURVIVAL
[21:51:10] [Server thread/INFO]: Generating keypair
[21:51:10] [Server thread/INFO]: Starting Minecraft server on *:25565
[21:51:10] [Server thread/INFO]: Paper: Using libdeflate (Linux x86_64) compression from Velocity.
[21:51:10] [Server thread/INFO]: Paper: Using OpenSSL 3.x.x (Linux x86_64) cipher from Velocity.
[21:51:12] [Server thread/INFO]: [ViaVersion] Loading server plugin ViaVersion v5.10.1-SNAPSHOT
[21:51:12] [Server thread/INFO]: [ViaVersion] ViaVersion 5.10.1-SNAPSHOT is now loaded. Registering protocol transformers and injecting...
[21:51:12] [Via-Mappingloader-1/INFO]: [ViaVersion] Loading block connection mappings ...
[21:51:12] [Server thread/INFO]: [ViaBackwards] Loading translations...
[21:51:12] [Server thread/INFO]: [ViaBackwards] Registering protocols...
[21:51:13] [Server thread/INFO]: [LuckPerms] Loading server plugin LuckPerms v5.5.57
[21:51:13] [Server thread/INFO]: [LuckPerms] Loading configuration...
[21:51:13] [Server thread/INFO]: [Vault] Loading server plugin Vault v1.7.3-b131
[21:51:13] [Server thread/INFO]: [PlaceholderAPI] Loading server plugin PlaceholderAPI v2.12.2
[21:51:14] [Server thread/INFO]: [ViaBackwards] Loading server plugin ViaBackwards v5.10.1-SNAPSHOT
[21:51:14] [Server thread/INFO]: [FastAsyncWorldEdit] Loading server plugin FastAsyncWorldEdit v2.15.3-SNAPSHOT-1344+d384a21
[21:51:14] [Server thread/INFO]: Got request to register class com.sk89q.worldedit.bukkit.BukkitServerInterface with WorldEdit [com.sk89q.worldedit.extension.platform.PlatformManager@10f58bce]
[21:51:14] [Server thread/INFO]: [Essentials] Loading server plugin Essentials v2.22.0
[21:51:14] [Server thread/INFO]: [SkinsRestorer] Loading server plugin SkinsRestorer v15.12.3
[21:51:14] [Server thread/INFO]: [Geyser-Spigot] Loading server plugin Geyser-Spigot v2.10.1-SNAPSHOT
[21:51:15] [Server thread/INFO]: [Geyser-Spigot] Loading extensions...
[21:51:15] [Server thread/INFO]: [Geyser-Spigot] Loaded 0 extension(s)
[21:51:15] [Server thread/INFO]: [EssentialsChat] Loading server plugin EssentialsChat v2.22.0
[21:51:15] [Server thread/INFO]: [Chunky] Loading server plugin Chunky v1.5.3
[21:51:15] [Server thread/INFO]: Server permissions file permissions.yml is empty, ignoring it
[21:51:15] [Server thread/INFO]: [LuckPerms] Enabling LuckPerms v5.5.57
[21:51:15] [Server thread/INFO]:         __    
[21:51:15] [Server thread/INFO]:   |    |__)   LuckPerms v5.5.57
[21:51:15] [Server thread/INFO]:   |___ |      Running on Bukkit - Paper
[21:51:15] [Server thread/INFO]: 
[21:51:16] [Server thread/INFO]: [LuckPerms] Loading storage provider... [H2]
[21:51:16] [Server thread/INFO]: [LuckPerms] Loading internal permission managers...
[21:51:16] [Server thread/INFO]: [LuckPerms] Performing initial data load...
[21:51:16] [Server thread/INFO]: [LuckPerms] Successfully enabled. (took 1336ms)
[21:51:16] [Server thread/INFO]: [Vault] Enabling Vault v1.7.3-b131
[21:51:16] [Server thread/INFO]: [Vault] [Economy] Essentials Economy found: Waiting
[21:51:16] [Server thread/INFO]: [Vault] [Permission] SuperPermissions loaded as backup permission system.
[21:51:16] [Server thread/INFO]: [Vault] Enabled Version 1.7.3-b131
[21:51:16] [Server thread/INFO]: [LuckPerms] Registered Vault permission & chat hook.
[21:51:16] [Server thread/INFO]: [FastAsyncWorldEdit] Enabling FastAsyncWorldEdit v2.15.3-SNAPSHOT-1344+d384a21
[21:51:17] [Server thread/INFO]: [com.fastasyncworldedit.core.Fawe] LZ4 Compression Binding loaded successfully
[21:51:17] [Server thread/INFO]: [com.fastasyncworldedit.core.Fawe] ZSTD Compression Binding loaded successfully
[21:51:17] [Server thread/INFO]: Registering commands with com.sk89q.worldedit.bukkit.BukkitServerInterface
[21:51:17] [Server thread/INFO]: WEPIF: Vault detected! Using Vault for permissions
[21:51:17] [Server thread/INFO]: Using com.sk89q.worldedit.bukkit.adapter.impl.fawe.v26_1.PaperweightFaweAdapter as the Bukkit adapter
[21:51:18] [Server thread/INFO]: [SkinsRestorer] Enabling SkinsRestorer v15.12.3
[21:51:19] [Server thread/INFO]: [SkinsRestorer] Running on Minecraft 26.1.2.
[21:51:20] [Server thread/INFO]: [SkinsRestorer] Using paper join listener!
[21:51:20] [Server thread/INFO]: [PlaceholderAPI] Successfully registered internal expansion: skinsrestorer [15.12.3]
[21:51:20] [Server thread/INFO]: [SkinsRestorer] PlaceholderAPI expansion registered!
[21:51:20] [Server thread/WARN]: **** SERVER IS RUNNING IN OFFLINE/INSECURE MODE!
[21:51:20] [Server thread/WARN]: The server will make no attempt to authenticate usernames. Beware.
[21:51:20] [Server thread/WARN]: While this makes the game possible to play without internet access, it also opens up the ability for hackers to connect with any username they choose.
[21:51:20] [Server thread/WARN]: To change this, set "online-mode" to "true" in the server.properties file.
[21:51:20] [Server thread/INFO]: Preparing level "world"
[21:51:20] [Folia Async Scheduler Thread #1/INFO]: [SkinsRestorer] ----------------------------------------------
[21:51:20] [Folia Async Scheduler Thread #1/INFO]: [SkinsRestorer]     +===================+
[21:51:20] [Folia Async Scheduler Thread #1/INFO]: [SkinsRestorer]     |   SkinsRestorer   |
[21:51:20] [Folia Async Scheduler Thread #1/INFO]: [SkinsRestorer]     |-------------------|
[21:51:20] [Folia Async Scheduler Thread #1/INFO]: [SkinsRestorer]     |  Standalone Mode  |
[21:51:20] [Folia Async Scheduler Thread #1/INFO]: [SkinsRestorer]     +===================+
[21:51:20] [Folia Async Scheduler Thread #1/INFO]: [SkinsRestorer] ----------------------------------------------
[21:51:20] [Folia Async Scheduler Thread #1/INFO]: [SkinsRestorer]     Version: 15.12.3
[21:51:20] [Folia Async Scheduler Thread #1/INFO]: [SkinsRestorer]     Commit: 03cc9fd
[21:51:20] [Folia Async Scheduler Thread #1/INFO]: [SkinsRestorer]     This is the latest version!
[21:51:20] [Folia Async Scheduler Thread #1/INFO]: [SkinsRestorer] ----------------------------------------------
[21:51:20] [Folia Async Scheduler Thread #1/INFO]: [SkinsRestorer] Do you have issues? Read our troubleshooting guide: https://skinsrestorer.net/docs/troubleshooting
[21:51:20] [Folia Async Scheduler Thread #1/INFO]: [SkinsRestorer] Want to support SkinsRestorer or receive priority support? Become a supporter: https://skinsrestorer.net/pricing
[21:51:20] [Server thread/INFO]: Loading 0 persistent chunks for level 'minecraft:overworld'...
[21:51:20] [Server thread/INFO]: Prepared spawn area in 0 ms
[21:51:20] [Server thread/INFO]: Loading 0 persistent chunks for level 'minecraft:the_nether'...
[21:51:20] [Server thread/INFO]: Preparing spawn area: 100%
[21:51:20] [Server thread/INFO]: Prepared spawn area in 3 ms
[21:51:20] [Server thread/INFO]: Loading 0 persistent chunks for level 'minecraft:the_end'...
[21:51:20] [Server thread/INFO]: Prepared spawn area in 1 ms
[21:51:20] [Server thread/INFO]: Done preparing level "world" (0.695s)
[21:51:20] [Server thread/INFO]: [ViaVersion] Enabling ViaVersion v5.10.1-SNAPSHOT
[21:51:20] [Server thread/INFO]: [ViaVersion] ViaVersion detected server version: 26.1-26.1.2 (775)
[21:51:20] [Server thread/INFO]: [PlaceholderAPI] Enabling PlaceholderAPI v2.12.2
[21:51:21] [Server thread/INFO]: [PlaceholderAPI] Fetching available expansion information...
[21:51:21] [Server thread/INFO]: [ViaBackwards] Enabling ViaBackwards v5.10.1-SNAPSHOT
[21:51:21] [Server thread/INFO]: [Essentials] Enabling Essentials v2.22.0
[21:51:21] [Server thread/INFO]: [Essentials] Attempting to convert old kits in config.yml to new kits.yml
[21:51:21] [Server thread/INFO]: [Essentials] No kits found to migrate.
[21:51:21] [Server thread/INFO]: [Essentials] Selected 1.20.6+ Potion Meta Provider as the provider for PotionMetaProvider
[21:51:21] [Server thread/INFO]: [Essentials] Selected Paper Server State Provider as the provider for ServerStateProvider
[21:51:21] [Server thread/INFO]: [Essentials] Selected Paper Biome Key Provider as the provider for BiomeKeyProvider
[21:51:21] [Server thread/INFO]: [Essentials] Selected Reflection Formatted Command Alias Provider as the provider for FormattedCommandAliasProvider
[21:51:21] [Server thread/INFO]: [Essentials] Selected Paper 1.13+ Tile Entity Provider as the provider for TileEntityProvider
[21:51:21] [Server thread/INFO]: [Essentials] Selected 1.12+ Spawner Block Provider as the provider for SpawnerBlockProvider
[21:51:21] [Server thread/INFO]: [Essentials] Selected 1.14+ Sign Data Provider as the provider for SignDataProvider
[21:51:21] [Server thread/INFO]: [Essentials] Selected Paper Container Provider as the provider for ContainerProvider
[21:51:21] [Server thread/INFO]: [Essentials] Selected 1.13+ Spawn Egg Provider as the provider for SpawnEggProvider
[21:51:21] [Server thread/INFO]: [Essentials] Selected 1.20.4+ Damage Event Provider as the provider for DamageEventProvider
[21:51:21] [Server thread/INFO]: [Essentials] Selected 1.17.1+ World Info Provider as the provider for WorldInfoProvider
[21:51:21] [Server thread/INFO]: [Essentials] Selected 1.8.3+ Spawner Item Provider as the provider for SpawnerItemProvider
[21:51:21] [Server thread/INFO]: [Essentials] Selected 1.12.2+ Player Locale Provider as the provider for PlayerLocaleProvider
[21:51:21] [Server thread/INFO]: [Essentials] Selected 1.11+ Item Unbreakable Provider as the provider for ItemUnbreakableProvider
[21:51:21] [Server thread/INFO]: [Essentials] Selected Legacy Biome Name Provider as the provider for BiomeNameProvider
[21:51:21] [Server thread/INFO]: [Essentials] Selected 1.21+ InventoryView Interface ABI Provider as the provider for InventoryViewProvider
[21:51:21] [Server thread/INFO]: [Essentials] Selected 1.21.4+ Sync Commands Provider as the provider for SyncCommandsProvider
[21:51:21] [Server thread/INFO]: [Essentials] Selected Reflection Online Mode Provider as the provider for OnlineModeProvider
[21:51:21] [Server thread/INFO]: [Essentials] Selected 1.14.4+ Persistent Data Container Provider as the provider for PersistentDataProvider
[21:51:21] [Server thread/INFO]: [Essentials] Selected Paper Material Tag Provider as the provider for MaterialTagProvider
[21:51:21] [Server thread/INFO]: [Essentials] Selected Paper Tick Count Provider as the provider for TickCountProvider
[21:51:21] [Server thread/INFO]: [Essentials] Selected Paper Serialization Provider as the provider for SerializationProvider
[21:51:21] [Server thread/INFO]: [Essentials] Selected 1.20.5+ Banner Data Provider as the provider for BannerDataProvider
[21:51:21] [Server thread/INFO]: [Essentials] Selected Paper Known Commands Provider as the provider for KnownCommandsProvider
[21:51:22] [Server thread/INFO]: [Essentials] Loaded 46312 items from items.json.
[21:51:22] [Server thread/INFO]: [Essentials] Using locale en
[21:51:22] [Server thread/INFO]: [Essentials] ServerListPingEvent: Spigot iterator API
[21:51:22] [Server thread/INFO]: [Essentials] Starting Metrics. Opt-out using the global bStats config.
[21:51:22] [Server thread/INFO]: [Vault] [Economy] Essentials Economy hooked.
[21:51:22] [Server thread/INFO]: [Essentials] Using Vault based permissions (LuckPerms)
[21:51:22] [Server thread/INFO]: [Geyser-Spigot] Enabling Geyser-Spigot v2.10.1-SNAPSHOT
[21:51:23] [Server thread/INFO]: [EssentialsChat] Enabling EssentialsChat v2.22.0
[21:51:23] [Server thread/INFO]: [EssentialsChat] Starting Metrics. Opt-out using the global bStats config.
[21:51:23] [Server thread/INFO]: [Chunky] Enabling Chunky v1.5.3
[21:51:23] [Server thread/INFO]: [spark] Starting background profiler...
[21:51:24] [Server thread/INFO]: [PlaceholderAPI] Placeholder expansion registration initializing...
[21:51:24] [Server thread/INFO]: [Geyser-Spigot] ******************************************
[21:51:24] [Server thread/INFO]: [Geyser-Spigot] 
[21:51:24] [Server thread/INFO]: [Geyser-Spigot] Loading Geyser version 2.10.1-b1174 (git-master-7b60de1)
[21:51:24] [Server thread/INFO]: [Geyser-Spigot] 
[21:51:24] [Server thread/INFO]: [Geyser-Spigot] ******************************************
[21:51:28] [GeyserServer-3-1/INFO]: [Geyser-Spigot] Started Geyser on UDP port 19132
[21:51:28] [Server thread/INFO]: [Geyser-Spigot] Done (3.658s)! Run /geyser help for help!
[21:51:29] [Server thread/INFO]: Saving chunks for level 'ServerLevel[world]'/minecraft:overworld
[21:51:29] [Server thread/INFO]: Saving chunks for level 'ServerLevel[world]'/minecraft:the_nether
[21:51:29] [Server thread/INFO]: Saving chunks for level 'ServerLevel[world]'/minecraft:the_end
[21:51:29] [Server thread/INFO]: ThreadedAnvilChunkStorage (world): All chunks are saved
[21:51:29] [Server thread/INFO]: ThreadedAnvilChunkStorage (DIM-1): All chunks are saved
[21:51:29] [Server thread/INFO]: ThreadedAnvilChunkStorage (DIM1): All chunks are saved
[21:51:29] [Server thread/INFO]: ThreadedAnvilChunkStorage: All dimensions are saved
[21:51:29] [Server thread/INFO]: Running delayed init tasks
[21:51:29] [Craft Scheduler Thread - 0 - Essentials/INFO]: [Essentials] Fetching version information...
[21:51:29] [Craft Scheduler Thread - 1 - ViaVersion/INFO]: [ViaVersion] Finished mapping loading, shutting down loader executor.
[21:51:29] [Server thread/INFO]: [Essentials] Essentials found a compatible payment resolution method: Vault Compatibility Layer (v1.7.3-b131)!
[21:51:29] [Server thread/INFO]: Done (31.709s)! For help, type "help"
[21:51:29] [Craft Scheduler Thread - 3 - Vault/INFO]: [Vault] Checking for Updates ... 
[21:51:29] [Server thread/INFO]: [PlaceholderAPI] Successfully registered external expansion: luckperms [5.4-R2]
[21:51:29] [Server thread/INFO]: 1 placeholder hook(s) registered!
[21:51:29] [Server thread/INFO]: [ViaVersion] You are running a development version of the plugin, please report any bugs to GitHub.
[21:51:29] [Paper Async Task Handler Thread - 1/INFO]: *** Currently you are 12 build(s) behind ***
[21:51:29] [Paper Async Task Handler Thread - 1/INFO]: *** It is highly recommended to download the latest build from https://papermc.io/downloads/paper ***
[21:51:29] [Craft Scheduler Thread - 3 - Vault/INFO]: [Vault] No new version available
[22:09:10] [Server thread/INFO]: This server is running Geyser version 2.10.1-b1174 (git-master-7b60de1) (Java: 26.1 - 26.1.2, Bedrock: 26.0 - 26.30)
[22:09:10] [Server thread/INFO]: Checking version, please wait...
[22:09:10] [Server thread/INFO]: No updates available.
[23:05:08] [Server thread/INFO]: Unknown or incomplete command. See below for error
seyser<--[HERE]
[23:05:10] [Server thread/INFO]: ---- Showing Help For: Geyser (Page 1/1) ----
[23:05:10] [Server thread/INFO]: /geyser connectiontest: Tests whether your server is reachable for other players
[23:05:10] [Server thread/INFO]: /geyser dump: Dumps Geyser debug information for bug reports.
[23:05:10] [Server thread/INFO]: /geyser help: Shows help for all registered commands.
[23:05:10] [Server thread/INFO]: /geyser list: List all players connected through Geyser.
[23:05:10] [Server thread/INFO]: /geyser reload: Reloads the Geyser configurations. Kicks all players when used!
[23:05:10] [Server thread/INFO]: /geyser version: Shows the current Geyser version and checks for updates.
[23:05:14] [Server thread/INFO]: ---- Showing Help For: Geyser (Page 1/1) ----
[23:05:14] [Server thread/INFO]: /geyser connectiontest: Tests whether your server is reachable for other players
[23:05:14] [Server thread/INFO]: /geyser dump: Dumps Geyser debug information for bug reports.
[23:05:14] [Server thread/INFO]: /geyser help: Shows help for all registered commands.
[23:05:14] [Server thread/INFO]: /geyser list: List all players connected through Geyser.
[23:05:14] [Server thread/INFO]: /geyser reload: Reloads the Geyser configurations. Kicks all players when used!
[23:05:14] [Server thread/INFO]: /geyser version: Shows the current Geyser version and checks for updates.
[23:05:21] [Server thread/INFO]: Unknown or incomplete command. See below for error
...ectiontest<--[HERE]
[23:05:27] [ForkJoinPool.commonPool-worker-4/INFO]: Testing server connection to elaiht with port: 19132 now. Please wait...
[23:05:27] [ForkJoinPool.commonPool-worker-4/INFO]: Your server is likely unreachable from outside the network!
[23:05:27] [ForkJoinPool.commonPool-worker-4/INFO]: Got the error message: elaiht: Name does not resolve
[23:05:27] [ForkJoinPool.commonPool-worker-4/INFO]: If you still face issues, check the setup guide for instructions: https://wiki.geysermc.org/geyser/setup/
[23:05:27] [ForkJoinPool.commonPool-worker-4/INFO]: If that does not work, see https://wiki.geysermc.org/geyser/fixing-unable-to-connect-to-world/, or contact us on Discord: https://discord.gg/geysermc
